00000001 a ALIGN
00000002 a MEMINFO
00000003 a FLAGS
00000004 a VIDINFO
00100020 T _start
0010002d T _end
00100040 T jmp_somewhere
00100050 t __get_cpuid_max(unsigned int, unsigned int*)
001000c0 t __get_cpuid(unsigned int, unsigned int*, unsigned int*, unsigned int*, unsigned int*)
00100130 T ssfn_putc
00100730 T donothing()
00100740 T operator new(unsigned long)
00100760 T operator new[](unsigned long)
00100780 T operator delete(void*)
001007a0 T operator delete[](void*)
001007c0 T __cxa_pure_virtual
001007d0 T __cxa_throw_bad_array_new_length
001007e0 T __cxa_guard_acquire
00100800 T __cxa_guard_release
00100810 T __cxa_guard_abort
00100820 t Kernel::IO::outw(unsigned short, unsigned short)
00100850 t Kernel::IO::outb(unsigned short, unsigned char)
00100880 t Kernel::IO::inb(unsigned short)
001008a0 t Kernel::IO::io_wait()
001008c0 t Kernel::IO::inw(unsigned int)
001008e0 t Kernel::IO::outl(unsigned int, unsigned int)
001008f0 t Kernel::IO::inl(unsigned int)
00100910 T Math::sqrt(int)
00100950 T Math::abs(float)
001009a0 T Math::abs(int)
001009c0 T Math::floor(float)
00100a30 T Math::floor(int)
00100a60 T Math::round(double)
00100ad0 T Math::ceil(float)
00100b20 T Math::average(int*, int)
00100b60 T Kernel::shutdown_os()
00100bc0 T Kernel::reboot()
00100c10 t get_model()
00100c40 t __cpuid__(unsigned int, unsigned int*, unsigned int*, unsigned int*, unsigned int*)
00100c70 T get_vendor()
00100cb0 T hypervisor()
00100ce0 T get_cpu_name()
00100d70 T sixtyfour_bit_arch()
00100de0 T get_available_memory()
00100e30 T Kernel::update_hardware_cursor(int, int)
00100ea0 T Kernel::disable_hardware_cursor()
00100ee0 T Kernel::get_hardware_cursor_pos()
00100f50 T Kernel::set_hardware_cursor(int, int)
00100fc0 T atoi(char*)
00101020 T uint_atoi(char*)
00101080 T memcpy(void*, void*, int, int)
001010c0 T memcpy
001010e0 T contains(char*, char)
00101130 T tokenize(char*, char, char**, int, int)
001012d0 T tokenize(char*, char, char**)
00101300 T strgetlast(char*)
00101330 t itoa(char*, int, int)
00101420 T itoa(int, char*)
00101440 T itoa(unsigned int, char*)
00101460 T len(char*)
00101490 T strcmp(char*, char*)
00101510 T shift_left(char*, char*, int, int)
001015c0 T charcmp(char, char)
001015f0 T append(char*, char*, char*)
00101690 T append_int(char*, int, char*)
001016c0 T vsscanf(char*, char*, char*)
00101940 T sscanf(char*, char*, ...)
00101970 T strstr(char*, char*)
00101a10 T strtok_r(char*, char*, char**)
00101b00 T strtok(char*, char*)
00101b20 T tokenize(char*, char*, char**)
00101bb0 T startswith(char*, char*)
00101c20 T endswith(char*, char*)
00101ca0 T strcpy(char*, char*)
00101cd0 T strcat(char*, char*)
00101d00 T clears(char*)
00101d30 T gvfs(char*, char)
00101d80 T reverse_string(char*, int, char*)
00101de0 T reverse_string(char*, char*)
00101e30 T opposite_split(char*, char, int, char*)
00101ee0 T split(char*, char, int, char*)
00101f80 T get(char*, char*, ...)
00101fc0 T strip(char*, char)
00102080 T strchr(char*, int)
001020c0 T find(char*, char)
00102110 T memset(unsigned char*, unsigned char, unsigned int)
00102150 T memset(int*, int, int)
00102180 T memset
001021c0 T memcmp(void*, void*, int)
00102220 T strlen(char*)
00102230 T swap(int, int)
00102250 T findMinIndex(int*, int, int)
001022a0 T sort(int*, int)
00102330 T std::string::string(char*)
00102330 T std::string::string(char*)
001023b0 T std::string::append_string(char*)
001023f0 T std::string::operator=(char*)
00102470 T std::string::operator=(std::string)
00102500 T std::string::operator==(std::string)
00102580 T std::string::operator==(char*)
001025e0 T std::string::operator!=(std::string)
00102660 T std::string::operator!=(char*)
001026c0 T std::string::operator<(std::string)
00102700 T std::string::operator<(char*)
00102730 T std::string::operator>(std::string)
00102770 T std::string::operator>(char*)
001027a0 T std::string::operator+(std::string)
001027e0 T std::string::operator+(char*)
00102800 T std::string::operator[](int)
00102820 T std::string::c_str()
00102830 T memset(char*, char*, int)
00102870 T strdup(char*)
001028d0 T clear()
00102990 T next_char()
001029e0 T putchar(char, int)
00102b70 T vsnprintf(char*, int, char*, char*)
00102db0 T vsprintf(char*, char*, char*)
00102de0 T vprintf(char*, char*)
00102e10 T sprintf(char*, char*, ...)
00102e40 T snprintf(char*, int, char*, ...)
00102e70 T putchar(char)
00102ec0 T putchar_with_cursor_move(char)
00102f00 T scroll()
00102fe0 T printf(char*, ...)
001030c0 T cprintf(int, char*, ...)
00103100 T putchar_at(int, int, char)
00103190 T printf_centered(char*, int)
00103200 T write_vga(fs_node_t*, int, int, char*)
00103220 T read_vga(fs_node_t*, int, int, char*)
00103230 T write_error(fs_node_t*, int, int, char*)
00103250 T read_error(fs_node_t*, int, int, char*)
00103260 T init_error()
001032a0 T init_vga()
001032e0 T log::info(char*, ...)
00103330 T log::error(char*, ...)
00103380 T log::warning(char*, ...)
001033d0 T log::warn(char*, ...)
00103420 T Kernel::init_logging()
00103430 T Kernel::CPU::_init_tss(unsigned int, unsigned short, unsigned short)
001034d0 T Kernel::CPU::init_tss()
00103500 T Kernel::CPU::set_kernel_stack(unsigned int)
00103520 t Kernel::CPU::init_gdt()
001035e0 t Kernel::CPU::gdt_set_gate(int, unsigned int, unsigned int, unsigned char, unsigned char)
00103680 T Kernel::CPU::set_idt_gate(int, unsigned int)
001036d0 T Kernel::CPU::set_idt()
00103700 T Kernel::CPU::pic_remap()
00103790 T Kernel::CPU::init_isr()
00103ae0 T isr_handler
00103b50 T Kernel::CPU::register_interrupt_handler(unsigned char, void (*)(registers_t*))
00103b70 T irq_handler
00103be0 t Kernel::disable_interrupts()
00103bf0 t Kernel::play_sound(unsigned int)
00103c70 t Kernel::nosound()
00103ca0 T Kernel::sound_input(fs_node_t*, int, int, char*)
00103cb0 T Kernel::sound_write(fs_node_t*, int, int, char*)
00103ce0 T Kernel::beep()
00103d40 T print_both(char*, ...)
00103d80 T putchar_both(char, ...)
00103db0 T check_name(char*, char*)
00103e70 T run_command(char*)
00104050 T execute_script(char*)
00104180 T shell_quit()
001041c0 T shell()
00104380 T draw_char(char, int, int, unsigned int)
00104420 T draw_string(char*, int, int, unsigned int)
00104490 T draw_string(int, int, unsigned int, char*, ...)
001044d0 T Graphic::redraw()
00104580 T Graphic::draw_empty_rect(int, int, int, int, int)
00104670 T Graphic::clear_screen()
001046c0 T Graphic::center_text_graphics(char*, int, int, int, int)
00104710 T Graphic::topleft_plotpoints(int, int, int, int, int)
00104760 T Graphic::topright_plotpoints(int, int, int, int, int)
001047b0 T Graphic::bottomright_plotpoints(int, int, int, int, int)
00104800 T Graphic::bottomleft_plotpoints(int, int, int, int, int)
00104850 T Graphic::full_plotpoints(int, int, int, int, int)
00104950 T Graphic::topleft_circle(int, int, int, int)
001049c0 T Graphic::topright_circle(int, int, int, int)
00104a30 T Graphic::bottomleft_circle(int, int, int, int)
00104aa0 T Graphic::bottomright_circle(int, int, int, int)
00104b10 T Graphic::fill_topleft_corner(int, int, int, int, int)
00104b80 T Graphic::circle(int, int, int, int)
00104be0 T Graphic::fill_circle(int, int, int, int)
00104c70 T Graphic::rounded_rectangle(int, int, int, int, int, int)
00104df0 T Graphic::fill_rounded_rectangle(int, int, int, int, int, int)
00104ef0 T Graphic::tint(int*, int, int, int)
00104f70 T Graphic::get_colors(int)
00104fb0 T Graphic::get_color(int, int, int)
00104fe0 T Graphic::rgb(int, int, int)
00105000 T Graphic::mix(int, int)
001050a0 T keyboard_lock()
001050d0 T keyboard_unlock()
00105100 T is_keyboard_locked()
00105110 T get_buffer_size()
00105120 T edit_buffer_size(int)
00105140 t scan_key(registers_t*)
00105170 T get_key(unsigned char)
00105280 T read_keyboard(fs_node_t*, int, int, char*)
001052b0 T read_getch(fs_node_t*, int, int, char*)
001052d0 T write_keyboard(fs_node_t*, int, int, char*)
001052e0 T Kernel::init_keyboard(bool, char*)
001053d0 T mouse_wait(unsigned char)
00105450 T mouse_write(unsigned char)
001054a0 T mouse_read()
001054c0 T draw_cursor(int, int, bool, bool, bool, int)
001055e0 t mouse_handler(registers_t*)
00105920 T Kernel::init_mouse()
00105a20 T Time::get_update_in_progress_flag()
00105a50 T Time::get_RTC_register(int)
00105a80 T Kernel::read_rtc()
00105e30 T Time::get_time()
00105ea0 T timer_int(registers_t*)
00105f90 T Kernel::init_timer(unsigned int)
00106020 T timer_wait(int)
00106050 T sleep(int)
00106070 T sleep_ms(int)
00106090 T Graphic::bga_write_register(unsigned short, unsigned short)
001060d0 T Graphic::bga_read_register(unsigned short)
00106100 T Graphic::bga_available()
00106120 T Graphic::bga_set_bank(unsigned short)
00106140 T Graphic::is_bga_device()
00106180 T Graphic::bga_set_resolution(int, int, int)
00106280 t Kernel::empty_serial_transmit(int)
001062a0 T Kernel::output_serial_char(int, char)
001062e0 t Kernel::serial_write(int, char*)
00106330 T Kernel::output_serial_char(char)
00106360 T Kernel::serial_read(char*)
00106370 T Kernel::serial_write_string(char*, char*)
001063a0 T Kernel::serial_write_string(char*, ...)
001063c0 T Kernel::init_serial(int)
00106460 T get_color(char*, char*)
00106480 T p_template(char*, char*, char*, char*)
001064c0 T p_warning(char*, ...)
00106500 T p_error(char*, ...)
00106540 T p_info(char*, ...)
00106580 T get_random_number()
001065f0 T set_seed(int)
00106600 T set_string(char*, char*)
00106680 T print(char*)
001066a0 T s_putchar(char)
001066d0 T get_num()
001066e0 T s_get_time(time_t*)
00106730 T s_putpixel(int, int, int)
00106760 T s_update_mouse()
00106790 T s_test(int)
001067c0 T s_info(info_t*)
001067f0 T s_file(char*, char*, unsigned int*)
00106830 T s_fclose(FILE*)
00106850 T exec_file(char*)
00106860 T s_ls(char*)
00106880 T s_create_folder(char*, char*)
001068a0 T s_create_file(char*, char*, char*)
001068c0 T s_write_file(char*, int*, int*, int)
00106950 T s_malloc(int*, unsigned int*)
00106980 T s_free(void*)
001069a0 T s_append_file(char*, char*)
001069b0 T s_read_file(char*, int*, int*, int)
00106a70 T s_create_proc(char*, unsigned int)
00106a90 T s_yield()
00106ab0 T s_exit(int)
00106ad0 T syscall_append(void*)
00106b20 T syscall_print_syscalls()
00106ba0 T syscall_handler(registers_t*)
00106c40 T Kernel::init_syscalls()
00106dc0 T Graphic::stackblur(unsigned char*, int, int, int, int, int, int, int)
00107980 T panic(char*, char*, char*, int, ...)
00107a00 T traceback(int)
00107a60 T Kernel::halt_system()
00107a70 T call_sys0
00107a90 T Tar::parse(unsigned int)
00107c80 T __tar_test(int)
00107d60 T switch_to_user_mode()
00107d90 T DiskDrivers::ATA::ata_read(unsigned char*, unsigned int, unsigned char)
00107f00 T DiskDrivers::ATA::ata_write_one(unsigned int, unsigned char*)
00108030 T DiskDrivers::ATA::ata_irq_handler(registers_t*)
00108040 T DiskDrivers::ATA::ata_write(unsigned int, unsigned char, unsigned char*)
00108090 T DiskDrivers::ATA::fs_ata_write(fs_node_t*, int, int, char*)
001080e0 T DiskDrivers::ATA::fs_ata_read(fs_node_t*, int, int, char*)
00108180 T DiskDrivers::ATA::select_drive(unsigned char)
001081b0 T DiskDrivers::ATA::model(char*, unsigned short*)
00108250 T DiskDrivers::ATA::ata_send_identify(unsigned short*)
001084a0 T DiskDrivers::ATA::total_sectors()
001084d0 T DiskDrivers::ATA::total_bytes()
001084e0 T DiskDrivers::ATA::ata_init(unsigned short*)
00108570 T print_lists()
00108660 T __mem_test()
00108770 T set_new_used(mem_t)
00108800 T get_free_block(int)
001088f0 T free_block(unsigned int, int)
00108ab0 T move_block_with_new_size(unsigned int, int)
00108c30 T malloc(int)
00108c50 T free(void*)
00108ce0 T realloc(void*, int)
00108d50 T calloc(int, int)
00108da0 T Kernel::CPU::idle_task()
00108db0 T Kernel::CPU::efddsfds()
00108dc0 T Kernel::CPU::mdasd()
00108df0 T Kernel::CPU::yd()
00108e10 T Kernel::CPU::nmc()
00108e50 T Kernel::CPU::abc()
00108e70 T Kernel::CPU::block_task(Kernel::CPU::task_t*)
00108e90 T Kernel::CPU::block_task_id(int)
00108ef0 T Kernel::CPU::unblock_task(Kernel::CPU::task_t*)
00108f10 T Kernel::CPU::unblock_task_id(int)
00108f70 T Kernel::CPU::find_retcode(int)
00108fd0 T Kernel::CPU::wait_retcode(int)
00109030 T Kernel::CPU::exit(int)
00109090 T Kernel::CPU::yield()
001090c0 T Kernel::CPU::create_process(char*, unsigned int, bool, int, int, char**)
00109340 T Kernel::CPU::create_process_file(FILE*, int, char**)
001093a0 T Kernel::CPU::create_process_filename(char*, int, char**)
00109420 T Kernel::CPU::create_process(char*, unsigned int)
00109450 T Kernel::CPU::load_new_task(Kernel::CPU::task_t*)
00109490 T Kernel::CPU::allocate_stack()
001094b0 T Kernel::CPU::wrapper()
00109510 T Kernel::CPU::switch_task(registers_t*, bool)
001095a0 T Kernel::CPU::adddd()
001095c0 T Kernel::CPU::init_tasking()
00109640 T create_tree(tree_t*, char*)
00109700 T save_tree(tree_t*)
00109750 T set_tree_name(tree_t*, char*)
00109780 T add_data(tree_t*, void const*)
001097c0 T Kernel::read_pci(unsigned char, unsigned char, unsigned char, unsigned char)
00109850 T Kernel::write_pci(unsigned short, unsigned short, unsigned short, unsigned int, unsigned int)
001098d0 T Kernel::device_functions(unsigned short, unsigned short)
00109910 T Kernel::get_class_id(unsigned short, unsigned short, unsigned short)
00109960 T Kernel::get_subclass_id(unsigned short, unsigned short, unsigned short)
001099b0 T Kernel::scan_buses()
00109c70 T Kernel::go_through_and_print()
00109d90 T Kernel::find_device(unsigned short, unsigned short)
00109e00 T Kernel::get_addr_reg(unsigned short, unsigned short, unsigned short, unsigned short)
0010a070 T scanf_getch()
0010a0c0 T getch()
0010a110 T scanf()
0010a260 T secret_scanf()
0010a370 T elf_verify(unsigned char*)
0010a3c0 T load_elf_memory(unsigned char*)
0010a4c0 T elf_start(unsigned char*, int, char**)
0010a500 T load_app(unsigned int, int, char**)
0010a550 T load_app_from_name(char*, int, char**)
0010a5e0 T load_app_from_file(FILE*, int, char**)
0010a640 T there_is_more(char*, int)
0010a690 T parse_args(char*)
0010a820 T toupper(char)
0010a870 T tolower(char)
0010a8c0 T toupper(char*)
0010a920 T tolower(char*)
0010a980 T strcasecmp(char const*, char const*)
0010aa30 T strisempty(char*)
0010aa80 T isspace(char)
0010aaa0 T isdigit(char)
0010ab00 T isalpha(char)
0010ab50 T null_read(fs_node_t*, int, int, char*)
0010ab80 T null_write(fs_node_t*, int, int, char*)
0010abb0 T write_serial_(fs_node_t*, int, int, char*)
0010abd0 T write_info(fs_node_t*, int, int, char*)
0010abf0 T init_all_devs()
0010ac70 T Net::rtl8139::power_on()
0010acc0 T Net::rtl8139::reset()
0010ad40 T Net::rtl8139::init_recv_buffer()
0010adb0 T Net::rtl8139::init_irq()
0010ae40 T Net::rtl8139::configure_recv()
0010ae90 T Net::rtl8139::enable_recv()
0010aee0 T Net::rtl8139::handle_irq(registers_t*)
0010afc0 T Net::rtl8139::send_packet(void*, int)
0010b090 T Net::rtl8139::start()
0010b160 T Net::rtl8139::find_mac()
0010b210 T Net::Ethernet::send_ethernet_packet(unsigned char*, unsigned short, unsigned char*)
0010b290 T to_big(unsigned int)
0010b2f0 T to_short(unsigned short)
0010b330 T get_src_mac(unsigned char*)
0010b350 T Net::ARP::send_request(unsigned char*)
0010b400 T load_disk(Disk*)
0010b430 T get_disk(int)
0010b460 T get_highest_position(int*, int)
0010b4c0 T get_highest_value(int*, int)
0010b520 T find_node(char*)
0010b580 T find_node(int)
0010b590 T parse_path_file_parent(char*, char*)
0010b720 T parse_path_file(char*)
0010b880 T mount_fs(char*, char*, int (*)(fs_node_t*, int, int, char*), int (*)(fs_node_t*, int, int, char*), int (*)(fs_node_t*), int (*)(fs_node_t*, char*), int)
0010b940 T create_node(char*, char*, int, int, bool)
0010bc00 T create_node_ignore(char*, char*, int, int)
0010bc30 T create_node(char*, char*, int, int)
0010bc60 T close_node(fs_node_t*)
0010bc80 T write_node(fs_node_t*, int, int, char*)
0010bd90 T read_node(fs_node_t*, int, int, char*)
0010be00 T list_dir(fs_node_t*, int)
0010bee0 T list_dir(char*)
0010bf30 T create_root()
0010c020 T init_fs()
0010c0f0 T create_file(char*, char*, int)
0010c120 T create_file(char*, char*)
0010c140 T create_file(char*, char*, char*, int)
0010c1b0 T create_file(char*, char*, char*)
0010c1d0 T kcreate_file(char*, char*, char*)
0010c1f0 T create_file(char*, char*, int (*)(fs_node_t*, int, int, char*), int (*)(fs_node_t*, int, int, char*), int)
0010c250 T create_file(char*, char*, int (*)(fs_node_t*, int, int, char*), int (*)(fs_node_t*, int, int, char*))
0010c280 T kcreate_file(char*, char*, int (*)(fs_node_t*, int, int, char*), int (*)(fs_node_t*, int, int, char*))
0010c2b0 T fopen(char*, char*, int)
0010c350 T fopen(char*, char*)
0010c370 T kopen(char*, char*)
0010c390 T fclose(FILE*)
0010c3c0 T fwrite(FILE*, int, int, char*)
0010c3f0 T fgetc(FILE*)
0010c440 T fread(FILE*, int, int, char*)
0010c4b0 T feof(FILE*)
0010c4d0 T fgets(char*, int, FILE*)
0010c4f0 T fgetpos(FILE*, int*)
0010c510 T fseek(FILE*, int, int)
0010c580 T ftell(FILE*)
0010c5a0 T fsize(FILE*)
0010c5e0 T rewind(FILE*)
0010c600 T fsetpos(FILE*, int*)
0010c620 T fvsscanf(FILE*, char*, char*)
0010c940 T fscanf(FILE*, char*, ...)
0010c970 T make_dir(char*, char*, int)
0010c9a0 T make_dir(char*, char*)
0010c9c0 T make_dir_user(char*, char*)
0010c9e0 T kmake_dir(char*, char*)
0010ca00 T opendir(char*)
0010ca60 T readdir(DIR*)
0010cac0 T test_write(fs_node_t*, int, int, char*)
0010caf0 T test_read(fs_node_t*, int, int, char*)
0010cb30 T test_mkfile(fs_node_t*)
0010cb60 T test_mkdir(fs_node_t*, char*)
0010cb80 T test_install()
0010cc00 T strerror(int)
0010cc20 T Kernel::CPU::create_thread(char*, unsigned int)
0010cc50 T Kernel::CPU::create_thread(char*, unsigned int, int)
0010cc80 T Kernel::CPU::create_thread(char*, unsigned int, int, char**)
0010ccb0 T Kernel::CPU::create_thread(char*, unsigned int, int, int, char**)
0010cce0 T Kernel::CPU::schedule()
0010cd60 T kernel_main
0010d1f0 t __static_initialization_and_destruction_0(int, int)
0010d280 t _GLOBAL__sub_I_text_x
0010d2a0 t isr_common_stub
0010d2c5 t irq_common_stub
0010d2ea T isr0
0010d2f1 T isr1
0010d2f8 T isr2
0010d2ff T isr3
0010d306 T isr4
0010d30d T isr5
0010d314 T isr6
0010d31b T isr7
0010d325 T isr8
0010d32d T isr9
0010d337 T isr10
0010d33f T isr11
0010d347 T isr12
0010d34f T isr13
0010d357 T isr14
0010d35f T isr15
0010d369 T isr16
0010d373 T isr17
0010d37d T isr18
0010d387 T isr19
0010d391 T isr20
0010d39b T isr21
0010d3a5 T isr22
0010d3af T isr23
0010d3b9 T isr24
0010d3c3 T isr25
0010d3cd T isr26
0010d3d7 T isr27
0010d3e1 T isr28
0010d3eb T isr29
0010d3f5 T isr30
0010d3ff T isr31
0010d409 T irq0
0010d413 T irq1
0010d41d T irq2
0010d427 T irq3
0010d431 T irq4
0010d43b T irq5
0010d445 T irq6
0010d44f T irq7
0010d459 T irq8
0010d463 T irq9
0010d46d T irq10
0010d477 T irq11
0010d481 T irq12
0010d48b T irq13
0010d495 T irq14
0010d49f T irq15
0010d4a9 T irq16
0010d4b3 T irq17
0010d4c0 T gdt_flush
0010d4dc t gdt_flush.flush_
0010d4e0 T flush_tss
0010d4f0 T perform_task_switch
0010d505 T read_eip
0010d510 W mem_t::mem_t()
0010d510 W mem_t::mem_t()
0010d520 W std::string::size()
0010d530 W Graphic::SetPixel(int, int, int)
0010d5c0 W Graphic::draw_rect(int, int, int, int, int)
0010d680 W RawTar::file_size()
0010d6d0 W Tar::Tar()
0010d6d0 W Tar::Tar()
0010d6f0 W fs_node_t::fs_node_t()
0010d6f0 W fs_node_t::fs_node_t()
0010d750 W DIR::DIR()
0010d750 W DIR::DIR()
0010d760 W void init_mem<multiboot_info*>(multiboot_info*, unsigned int)
0010e000 r upper_letters
0010e01c r lower_letters
0010e036 r System::dev
0010e038 r task_counter_limit
00113000 D scroll_on
00113001 D to_clear
00113004 D total_size_b
00113008 D buffer_size
0011300c D cursor_height
00113010 D cursor_width
00113014 D cursor_inner
00113020 D cursor_map
001133b0 D weekdays
001133e0 D months
00113410 D blit_right_away
00113414 D System::VERSION
00113418 D System::SYSTEM
0011341c D Net::rtl8139::tsd
00113420 D Net::rtl8139::tsad
00113440 d Kernel::CPU::tss
001134c0 D Kernel::CPU::exception_messages
00113540 D verify_elf
00113544 D keycode_length
00113548 D shift_code_length
0011354c D ctrl_codes_length
00113560 D keycodes
00113594 D shifted_codes
0011359a D ctrl_codes
0011359c D key_up
0011359d D key_down
001135a0 D letters_lower
001135e0 D letters_upper
00113614 D font_height
00113618 D font_width
00113620 D font
00113c20 D max_syscalls
00113c40 d Graphic::stackblur_mul
00113e40 d Graphic::stackblur_shr
00113f40 D error_strings
00315000 B kernel_stack
00515000 B stack_top
00515000 B text_x
00515004 B text_y
00515008 B cx
0051500c B cy
00515010 B booted
00515020 B back_buffer
00815020 B current_display
008150a0 B current_display_len
008150a4 B in_ring3
008150a8 B username
008150ac B ssfn_src
008150b0 B ssfn_dst
008150e0 B written_on
008158c0 B vga_back
00816090 B custom_color_on
00816094 B custom_color
00816098 B has_scrolled
00816099 B cout
008160a0 B mem_blocks
008166a0 B block_count_mem
008166c0 B used
00816cc0 B total_used
00816cc4 B total_memory
00816cc8 B total_usable
00816ccc B shifted
00816cd0 B returned
00816cd4 B current_key
00816cd5 B terminal_on
00816cd6 B keyboard_locked
00816cd7 B scanf_on
00816ce0 B buffer
008170c8 B entered_len
008170cc B cin
008170cd B mouse_cycle
008170ce B mouse_byte
008170d4 B mouse_x
008170d8 B mouse_y
008170dc B oldx
008170e0 B oldy
008170e4 B right_clicked
008170e5 B left_clicked
008170e6 B middle_clicked
008170e8 B menux
008170ec B menuy
008170f0 B movedx
008170f4 B movedy
008170f8 B cursor_outer
008170fc B century_register
00817100 B pm_on
00817104 B second
00817108 B minute
0081710c B hour
00817110 B day
00817114 B month
00817118 B year
0081711c B weekday
00817120 B s
00817124 B framebuffer_addr
00817128 B pitch
0081712c B width
00817130 B height
00817134 B bpp
00817140 B Net::ARP::arp_table
00817b40 B Kernel::devices
00857b40 B Kernel::device_count
00857b44 B Net::rtl8139::device
00857b48 B Net::rtl8139::buffer
00857b4c B Net::rtl8139::current_pair
00857b50 B Net::rtl8139::mac_addr
00857b60 B nodes
00858b00 B node_count
00858b04 B root
00858b08 B set_port
00858b0c B stdout
00858b10 B stderr
00858b20 B Kernel::CPU::gdt_entries
00858b48 B Kernel::CPU::gdt_ptr
00858b60 B Kernel::CPU::idt
00859360 B Kernel::CPU::idt_reg
00859380 B Kernel::CPU::interrupt_handlers
00859780 B last_command
008597e4 B tick
008597e8 B seconds
008597ec B ctick
008597f0 B hz
008597f4 B task_counter
00859800 B Kernel::CPU::tasks
00859878 B Kernel::CPU::current_task
0085987c B Kernel::CPU::task_count
00859880 B Kernel::CPU::tasking_on
008598a0 B syscalls
00859918 B syscall_count
0085991c B seed
00859920 B disks
00859948 B disk_count
0085994c b strtok(char*, char*)::saved
00859950 B kernel_end
1badb002 a MAGIC
e4524ffb a CHECKSUM
