00000001 a ALIGN
00000002 a MEMINFO
00000003 a FLAGS
00000004 a VIDINFO
00100020 T _start
0010002d T _end
00100040 T jmp_somewhere
00100050 t __get_cpuid_max(unsigned int, unsigned int*)
001000c0 t __get_cpuid(unsigned int, unsigned int*, unsigned int*, unsigned int*, unsigned int*)
00100130 T ssfn_putc
00100730 T donothing()
00100740 T operator new(unsigned long)
00100760 T operator new[](unsigned long)
00100780 T operator delete(void*)
001007a0 T operator delete[](void*)
001007c0 T __cxa_pure_virtual
001007d0 T __cxa_throw_bad_array_new_length
001007e0 T __cxa_guard_acquire
00100800 T __cxa_guard_release
00100810 T __cxa_guard_abort
00100820 t Kernel::IO::outw(unsigned short, unsigned short)
00100850 t Kernel::IO::outb(unsigned short, unsigned char)
00100880 t Kernel::IO::inb(unsigned short)
001008a0 t Kernel::IO::io_wait()
001008c0 t Kernel::IO::inw(unsigned int)
001008e0 t Kernel::IO::outl(unsigned int, unsigned int)
001008f0 t Kernel::IO::inl(unsigned int)
00100910 T Math::sqrt(int)
00100950 T Math::abs(float)
001009a0 T Math::abs(int)
001009c0 T Math::floor(float)
00100a30 T Math::floor(int)
00100a60 T Math::round(double)
00100ad0 T Math::ceil(float)
00100b20 T Math::average(int*, int)
00100b60 T Kernel::shutdown_os()
00100bc0 T Kernel::reboot()
00100c10 t get_model()
00100c40 t __cpuid__(unsigned int, unsigned int*, unsigned int*, unsigned int*, unsigned int*)
00100c70 T get_vendor()
00100cb0 T hypervisor()
00100ce0 T get_cpu_name()
00100d70 T sixtyfour_bit_arch()
00100de0 T get_available_memory()
00100e30 T Kernel::update_hardware_cursor(int, int)
00100ea0 T Kernel::disable_hardware_cursor()
00100ee0 T Kernel::get_hardware_cursor_pos()
00100f50 T Kernel::set_hardware_cursor(int, int)
00100fc0 T atoi(char*)
00101020 T uint_atoi(char*)
00101080 T memcpy(void*, void*, int, int)
001010c0 T memcpy
001010e0 T contains(char*, char)
00101130 T tokenize(char*, char, char**, int, int)
001012d0 T tokenize(char*, char, char**)
00101300 T strgetlast(char*)
00101330 t itoa(char*, int, int)
00101420 T itoa(int, char*)
00101440 T itoa(unsigned int, char*)
00101460 T len(char*)
00101490 T strcmp(char*, char*)
00101510 T shift_left(char*, char*, int, int)
001015c0 T charcmp(char, char)
001015f0 T append(char*, char*, char*)
00101690 T append_int(char*, int, char*)
001016c0 T vsscanf(char*, char*, char*)
00101940 T sscanf(char*, char*, ...)
00101970 T strstr(char*, char*)
00101a10 T strtok_r(char*, char*, char**)
00101b00 T strtok(char*, char*)
00101b20 T tokenize(char*, char*, char**)
00101bb0 T startswith(char*, char*)
00101c20 T endswith(char*, char*)
00101ca0 T strcpy(char*, char*)
00101cd0 T strcat(char*, char*)
00101d00 T clears(char*)
00101d30 T gvfs(char*, char)
00101d80 T reverse_string(char*, char*)
00101e50 T opposite_split(char*, char, int, char*)
00101f00 T split(char*, char, int, char*)
00101fa0 T get(char*, char*, ...)
00101fe0 T strip(char*, char)
001020a0 T strchr(char*, int)
001020e0 T find(char*, char)
00102130 T memset(unsigned char*, unsigned char, unsigned int)
00102170 T memset(int*, int, int)
001021a0 T memset
001021e0 T memcmp(void*, void*, int)
00102240 T strlen(char*)
00102250 T swap(int, int)
00102270 T findMinIndex(int*, int, int)
001022c0 T sort(int*, int)
00102350 T std::string::string(char*)
00102350 T std::string::string(char*)
001023d0 T std::string::append_string(char*)
00102410 T std::string::operator=(char*)
00102490 T std::string::operator=(std::string)
00102520 T std::string::operator==(std::string)
001025a0 T std::string::operator==(char*)
00102600 T std::string::operator!=(std::string)
00102680 T std::string::operator!=(char*)
001026e0 T std::string::operator<(std::string)
00102720 T std::string::operator<(char*)
00102750 T std::string::operator>(std::string)
00102790 T std::string::operator>(char*)
001027c0 T std::string::operator+(std::string)
00102800 T std::string::operator+(char*)
00102820 T std::string::operator[](int)
00102840 T std::string::c_str()
00102850 T memset(char*, char*, int)
00102890 T strdup(char*)
001028f0 T clear()
001029b0 T next_char()
00102a00 T putchar(char, int)
00102b90 T vsnprintf(char*, int, char*, char*)
00102dd0 T vsprintf(char*, char*, char*)
00102e00 T vprintf(char*, char*)
00102e30 T sprintf(char*, char*, ...)
00102e60 T snprintf(char*, int, char*, ...)
00102e90 T putchar(char)
00102ee0 T putchar_with_cursor_move(char)
00102f20 T scroll()
00103000 T printf(char*, ...)
001030e0 T cprintf(int, char*, ...)
00103120 T putchar_at(int, int, char)
001031b0 T printf_centered(char*, int)
00103220 T write_vga(fs_node_t*, int, int, char*)
00103240 T read_vga(fs_node_t*, int, int, char*)
00103250 T write_error(fs_node_t*, int, int, char*)
00103270 T read_error(fs_node_t*, int, int, char*)
00103280 T init_error()
001032c0 T init_vga()
00103300 T log::info(char*, ...)
00103350 T log::error(char*, ...)
001033a0 T log::warning(char*, ...)
001033f0 T log::warn(char*, ...)
00103440 T Kernel::init_logging()
00103450 T Kernel::CPU::_init_tss(unsigned int, unsigned short, unsigned short)
001034f0 T Kernel::CPU::init_tss()
00103520 T Kernel::CPU::set_kernel_stack(unsigned int)
00103540 t Kernel::CPU::init_gdt()
00103600 t Kernel::CPU::gdt_set_gate(int, unsigned int, unsigned int, unsigned char, unsigned char)
001036a0 T Kernel::CPU::set_idt_gate(int, unsigned int)
001036f0 T Kernel::CPU::set_idt()
00103720 T Kernel::CPU::pic_remap()
001037b0 T Kernel::CPU::init_isr()
00103b00 T isr_handler
00103b70 T Kernel::CPU::register_interrupt_handler(unsigned char, void (*)(registers_t*))
00103b90 T irq_handler
00103c00 t Kernel::disable_interrupts()
00103c10 t Kernel::play_sound(unsigned int)
00103c90 t Kernel::nosound()
00103cc0 T Kernel::sound_input(fs_node_t*, int, int, char*)
00103cd0 T Kernel::sound_write(fs_node_t*, int, int, char*)
00103d00 T Kernel::beep()
00103d60 T print_both(char*, ...)
00103da0 T putchar_both(char, ...)
00103dd0 T check_name(char*, char*)
00103e90 T run_command(char*)
00104070 T execute_script(char*)
001041a0 T shell_quit()
001041e0 T shell()
001043a0 T draw_char(char, int, int, unsigned int)
00104440 T draw_string(char*, int, int, unsigned int)
001044b0 T draw_string(int, int, unsigned int, char*, ...)
001044f0 T Graphic::redraw()
001045a0 T Graphic::draw_empty_rect(int, int, int, int, int)
00104690 T Graphic::clear_screen()
001046e0 T Graphic::center_text_graphics(char*, int, int, int, int)
00104730 T Graphic::topleft_plotpoints(int, int, int, int, int)
00104780 T Graphic::topright_plotpoints(int, int, int, int, int)
001047d0 T Graphic::bottomright_plotpoints(int, int, int, int, int)
00104820 T Graphic::bottomleft_plotpoints(int, int, int, int, int)
00104870 T Graphic::full_plotpoints(int, int, int, int, int)
00104970 T Graphic::topleft_circle(int, int, int, int)
001049e0 T Graphic::topright_circle(int, int, int, int)
00104a50 T Graphic::bottomleft_circle(int, int, int, int)
00104ac0 T Graphic::bottomright_circle(int, int, int, int)
00104b30 T Graphic::fill_topleft_corner(int, int, int, int, int)
00104ba0 T Graphic::circle(int, int, int, int)
00104c00 T Graphic::fill_circle(int, int, int, int)
00104c90 T Graphic::rounded_rectangle(int, int, int, int, int, int)
00104e10 T Graphic::fill_rounded_rectangle(int, int, int, int, int, int)
00104f10 T Graphic::tint(int*, int, int, int)
00104f90 T Graphic::get_colors(int)
00104fd0 T Graphic::get_color(int, int, int)
00105000 T Graphic::rgb(int, int, int)
00105020 T Graphic::mix(int, int)
001050c0 T keyboard_lock()
001050f0 T keyboard_unlock()
00105120 T is_keyboard_locked()
00105130 T get_buffer_size()
00105140 T edit_buffer_size(int)
00105160 t scan_key(registers_t*)
00105190 T get_key(unsigned char)
001052a0 T read_keyboard(fs_node_t*, int, int, char*)
001052d0 T read_getch(fs_node_t*, int, int, char*)
001052f0 T write_keyboard(fs_node_t*, int, int, char*)
00105300 T Kernel::init_keyboard(bool, char*)
001053f0 T mouse_wait(unsigned char)
00105470 T mouse_write(unsigned char)
001054c0 T mouse_read()
001054e0 T draw_cursor(int, int, bool, bool, bool, int)
00105600 t mouse_handler(registers_t*)
00105940 T Kernel::init_mouse()
00105a40 T Time::get_update_in_progress_flag()
00105a70 T Time::get_RTC_register(int)
00105aa0 T Kernel::read_rtc()
00105e50 T Time::get_time()
00105ec0 T timer_int(registers_t*)
00105fb0 T Kernel::init_timer(unsigned int)
00106040 T timer_wait(int)
00106070 T sleep(int)
00106090 T sleep_ms(int)
001060b0 T Graphic::bga_write_register(unsigned short, unsigned short)
001060f0 T Graphic::bga_read_register(unsigned short)
00106120 T Graphic::bga_available()
00106140 T Graphic::bga_set_bank(unsigned short)
00106160 T Graphic::is_bga_device()
001061a0 T Graphic::bga_set_resolution(int, int, int)
001062a0 t Kernel::empty_serial_transmit(int)
001062c0 T Kernel::output_serial_char(int, char)
00106300 t Kernel::serial_write(int, char*)
00106350 T Kernel::output_serial_char(char)
00106380 T Kernel::serial_read(char*)
00106390 T Kernel::serial_write_string(char*, char*)
001063c0 T Kernel::serial_write_string(char*, ...)
001063e0 T Kernel::init_serial(int)
00106480 T get_color(char*, char*)
001064a0 T p_template(char*, char*, char*, char*)
001064e0 T p_warning(char*, ...)
00106520 T p_error(char*, ...)
00106560 T p_info(char*, ...)
001065a0 T get_random_number()
00106610 T set_seed(int)
00106620 T set_string(char*, char*)
001066a0 T print(char*)
001066c0 T s_putchar(char)
001066f0 T get_num()
00106700 T s_get_time(time_t*)
00106750 T s_putpixel(int, int, int)
00106780 T s_update_mouse()
001067b0 T s_test(int)
001067e0 T s_info(info_t*)
00106810 T s_file(char*, char*, unsigned int*)
00106850 T s_fclose(FILE*)
00106870 T exec_file(char*)
00106880 T s_ls(char*)
001068a0 T s_create_folder(char*, char*)
001068c0 T s_create_file(char*, char*, char*)
001068e0 T s_write_file(char*, int*, int*, int)
00106970 T s_malloc(int*, unsigned int*)
001069a0 T s_free(void*)
001069c0 T s_append_file(char*, char*)
001069d0 T s_read_file(char*, int*, int*, int)
00106a90 T s_create_proc(char*, unsigned int)
00106ab0 T s_yield()
00106ad0 T s_exit(int)
00106af0 T syscall_append(void*)
00106b40 T syscall_print_syscalls()
00106bc0 T syscall_handler(registers_t*)
00106c60 T Kernel::init_syscalls()
00106de0 T Graphic::stackblur(unsigned char*, int, int, int, int, int, int, int)
001079a0 T panic(char*, char*, char*, int, ...)
00107a20 T traceback(int)
00107a80 T Kernel::halt_system()
00107a90 T call_sys0
00107ab0 T Tar::parse(unsigned int)
00107ca0 T __tar_test(int)
00107d80 T switch_to_user_mode()
00107db0 T DiskDrivers::ATA::ata_read(unsigned char*, unsigned int, unsigned char)
00107f20 T DiskDrivers::ATA::ata_write_one(unsigned int, unsigned char*)
00108050 T DiskDrivers::ATA::ata_irq_handler(registers_t*)
00108060 T DiskDrivers::ATA::ata_write(unsigned int, unsigned char, unsigned char*)
001080b0 T DiskDrivers::ATA::fs_ata_write(fs_node_t*, int, int, char*)
00108100 T DiskDrivers::ATA::fs_ata_read(fs_node_t*, int, int, char*)
001081a0 T DiskDrivers::ATA::select_drive(unsigned char)
001081d0 T DiskDrivers::ATA::model(char*, unsigned short*)
00108270 T DiskDrivers::ATA::ata_send_identify(unsigned short*)
001084c0 T DiskDrivers::ATA::total_sectors()
001084f0 T DiskDrivers::ATA::total_bytes()
00108500 T DiskDrivers::ATA::ata_init(unsigned short*)
00108590 T print_lists()
00108680 T __mem_test()
00108790 T set_new_used(mem_t)
00108820 T get_free_block(int)
00108910 T free_block(unsigned int, int)
00108ad0 T move_block_with_new_size(unsigned int, int)
00108c50 T malloc(int)
00108c70 T free(void*)
00108d00 T realloc(void*, int)
00108d70 T calloc(int, int)
00108dc0 T Kernel::CPU::idle_task()
00108dd0 T Kernel::CPU::efddsfds()
00108de0 T Kernel::CPU::mdasd()
00108e10 T Kernel::CPU::yd()
00108e30 T Kernel::CPU::nmc()
00108e70 T Kernel::CPU::abc()
00108e90 T Kernel::CPU::block_task(Kernel::CPU::task_t*)
00108eb0 T Kernel::CPU::block_task_id(int)
00108f10 T Kernel::CPU::unblock_task(Kernel::CPU::task_t*)
00108f30 T Kernel::CPU::unblock_task_id(int)
00108f90 T Kernel::CPU::find_retcode(int)
00108ff0 T Kernel::CPU::wait_retcode(int)
00109050 T Kernel::CPU::exit(int)
001090b0 T Kernel::CPU::yield()
001090e0 T Kernel::CPU::create_process(char*, unsigned int, bool, int, int, char**)
00109360 T Kernel::CPU::create_process_file(FILE*, int, char**)
001093c0 T Kernel::CPU::create_process_filename(char*, int, char**)
00109440 T Kernel::CPU::create_process(char*, unsigned int)
00109470 T Kernel::CPU::load_new_task(Kernel::CPU::task_t*)
001094b0 T Kernel::CPU::allocate_stack()
001094d0 T Kernel::CPU::wrapper()
00109530 T Kernel::CPU::switch_task(registers_t*, bool)
001095c0 T Kernel::CPU::adddd()
001095e0 T Kernel::CPU::init_tasking()
00109660 T create_tree(tree_t*, char*)
00109720 T save_tree(tree_t*)
00109770 T set_tree_name(tree_t*, char*)
001097a0 T add_data(tree_t*, void const*)
001097e0 T Kernel::read_pci(unsigned char, unsigned char, unsigned char, unsigned char)
00109870 T Kernel::write_pci(unsigned short, unsigned short, unsigned short, unsigned int, unsigned int)
001098f0 T Kernel::device_functions(unsigned short, unsigned short)
00109930 T Kernel::get_class_id(unsigned short, unsigned short, unsigned short)
00109980 T Kernel::get_subclass_id(unsigned short, unsigned short, unsigned short)
001099d0 T Kernel::scan_buses()
00109c90 T Kernel::go_through_and_print()
00109db0 T Kernel::find_device(unsigned short, unsigned short)
00109e20 T Kernel::get_addr_reg(unsigned short, unsigned short, unsigned short, unsigned short)
0010a090 T scanf_getch()
0010a0e0 T getch()
0010a130 T scanf()
0010a280 T secret_scanf()
0010a390 T elf_verify(unsigned char*)
0010a3e0 T load_elf_memory(unsigned char*)
0010a4e0 T elf_start(unsigned char*, int, char**)
0010a520 T load_app(unsigned int, int, char**)
0010a570 T load_app_from_name(char*, int, char**)
0010a600 T load_app_from_file(FILE*, int, char**)
0010a660 T there_is_more(char*, int)
0010a6b0 T parse_args(char*)
0010a840 T toupper(char)
0010a890 T tolower(char)
0010a8e0 T toupper(char*)
0010a940 T tolower(char*)
0010a9a0 T strcasecmp(char const*, char const*)
0010aa50 T strisempty(char*)
0010aaa0 T isspace(char)
0010aac0 T isdigit(char)
0010ab20 T isalpha(char)
0010ab70 T null_read(fs_node_t*, int, int, char*)
0010aba0 T null_write(fs_node_t*, int, int, char*)
0010abd0 T write_serial_(fs_node_t*, int, int, char*)
0010abf0 T write_info(fs_node_t*, int, int, char*)
0010ac10 T init_all_devs()
0010ac90 T Net::rtl8139::power_on()
0010ace0 T Net::rtl8139::reset()
0010ad60 T Net::rtl8139::init_recv_buffer()
0010add0 T Net::rtl8139::init_irq()
0010ae60 T Net::rtl8139::configure_recv()
0010aeb0 T Net::rtl8139::enable_recv()
0010af00 T Net::rtl8139::handle_irq(registers_t*)
0010afe0 T Net::rtl8139::send_packet(void*, int)
0010b0b0 T Net::rtl8139::start()
0010b180 T Net::rtl8139::find_mac()
0010b230 T Net::Ethernet::send_ethernet_packet(unsigned char*, unsigned short, unsigned char*)
0010b2b0 T to_big(unsigned int)
0010b310 T to_short(unsigned short)
0010b350 T get_src_mac(unsigned char*)
0010b370 T Net::ARP::send_request(unsigned char*)
0010b420 T load_disk(Disk*)
0010b450 T get_disk(int)
0010b480 T get_highest_position(int*, int)
0010b4e0 T get_highest_value(int*, int)
0010b540 T find_node(char*)
0010b5a0 T find_node(int)
0010b5b0 T parse_path_file_parent(char*, char*)
0010b740 T parse_path_file(char*)
0010b8a0 T mount_fs(char*, char*, int (*)(fs_node_t*, int, int, char*), int (*)(fs_node_t*, int, int, char*), int (*)(fs_node_t*), int (*)(fs_node_t*, char*), int)
0010b960 T create_node(char*, char*, int, int, bool)
0010bc20 T create_node_ignore(char*, char*, int, int)
0010bc50 T create_node(char*, char*, int, int)
0010bc80 T close_node(fs_node_t*)
0010bca0 T write_node(fs_node_t*, int, int, char*)
0010bdb0 T read_node(fs_node_t*, int, int, char*)
0010be20 T list_dir(fs_node_t*, int)
0010bf00 T list_dir(char*)
0010bf50 T create_root()
0010c040 T init_fs()
0010c110 T create_file(char*, char*, int)
0010c140 T create_file(char*, char*)
0010c160 T create_file(char*, char*, char*, int)
0010c1d0 T create_file(char*, char*, char*)
0010c1f0 T kcreate_file(char*, char*, char*)
0010c210 T create_file(char*, char*, int (*)(fs_node_t*, int, int, char*), int (*)(fs_node_t*, int, int, char*), int)
0010c270 T create_file(char*, char*, int (*)(fs_node_t*, int, int, char*), int (*)(fs_node_t*, int, int, char*))
0010c2a0 T kcreate_file(char*, char*, int (*)(fs_node_t*, int, int, char*), int (*)(fs_node_t*, int, int, char*))
0010c2d0 T fopen(char*, char*, int)
0010c370 T fopen(char*, char*)
0010c390 T kopen(char*, char*)
0010c3b0 T fclose(FILE*)
0010c3e0 T fwrite(FILE*, int, int, char*)
0010c410 T fgetc(FILE*)
0010c460 T fread(FILE*, int, int, char*)
0010c4d0 T feof(FILE*)
0010c4f0 T fgets(char*, int, FILE*)
0010c510 T fgetpos(FILE*, int*)
0010c530 T fseek(FILE*, int, int)
0010c5a0 T ftell(FILE*)
0010c5c0 T fsize(FILE*)
0010c600 T rewind(FILE*)
0010c620 T fsetpos(FILE*, int*)
0010c640 T fvsscanf(FILE*, char*, char*)
0010c960 T fscanf(FILE*, char*, ...)
0010c990 T make_dir(char*, char*, int)
0010c9c0 T make_dir(char*, char*)
0010c9e0 T make_dir_user(char*, char*)
0010ca00 T kmake_dir(char*, char*)
0010ca20 T opendir(char*)
0010ca80 T readdir(DIR*)
0010cae0 T test_write(fs_node_t*, int, int, char*)
0010cb10 T test_read(fs_node_t*, int, int, char*)
0010cb50 T test_mkfile(fs_node_t*)
0010cb80 T test_mkdir(fs_node_t*, char*)
0010cba0 T test_install()
0010cc20 T strerror(int)
0010cc40 T Kernel::CPU::create_thread(char*, unsigned int)
0010cc70 T Kernel::CPU::create_thread(char*, unsigned int, int)
0010cca0 T Kernel::CPU::create_thread(char*, unsigned int, int, char**)
0010ccd0 T Kernel::CPU::create_thread(char*, unsigned int, int, int, char**)
0010cd00 T Kernel::CPU::schedule()
0010cd80 T kernel_main
0010d240 t __static_initialization_and_destruction_0(int, int)
0010d2d0 t _GLOBAL__sub_I_text_x
0010d2f0 t isr_common_stub
0010d315 t irq_common_stub
0010d33a T isr0
0010d341 T isr1
0010d348 T isr2
0010d34f T isr3
0010d356 T isr4
0010d35d T isr5
0010d364 T isr6
0010d36b T isr7
0010d375 T isr8
0010d37d T isr9
0010d387 T isr10
0010d38f T isr11
0010d397 T isr12
0010d39f T isr13
0010d3a7 T isr14
0010d3af T isr15
0010d3b9 T isr16
0010d3c3 T isr17
0010d3cd T isr18
0010d3d7 T isr19
0010d3e1 T isr20
0010d3eb T isr21
0010d3f5 T isr22
0010d3ff T isr23
0010d409 T isr24
0010d413 T isr25
0010d41d T isr26
0010d427 T isr27
0010d431 T isr28
0010d43b T isr29
0010d445 T isr30
0010d44f T isr31
0010d459 T irq0
0010d463 T irq1
0010d46d T irq2
0010d477 T irq3
0010d481 T irq4
0010d48b T irq5
0010d495 T irq6
0010d49f T irq7
0010d4a9 T irq8
0010d4b3 T irq9
0010d4bd T irq10
0010d4c7 T irq11
0010d4d1 T irq12
0010d4db T irq13
0010d4e5 T irq14
0010d4ef T irq15
0010d4f9 T irq16
0010d503 T irq17
0010d510 T gdt_flush
0010d52c t gdt_flush.flush_
0010d530 T flush_tss
0010d540 T perform_task_switch
0010d555 T read_eip
0010d560 W mem_t::mem_t()
0010d560 W mem_t::mem_t()
0010d570 W std::string::size()
0010d580 W Graphic::SetPixel(int, int, int)
0010d610 W Graphic::draw_rect(int, int, int, int, int)
0010d6d0 W RawTar::file_size()
0010d720 W Tar::Tar()
0010d720 W Tar::Tar()
0010d740 W fs_node_t::fs_node_t()
0010d740 W fs_node_t::fs_node_t()
0010d7a0 W DIR::DIR()
0010d7a0 W DIR::DIR()
0010d7b0 W void init_mem<multiboot_info*>(multiboot_info*, unsigned int)
0010e000 r upper_letters
0010e01c r lower_letters
0010e036 r System::dev
0010e038 r task_counter_limit
00113000 D scroll_on
00113001 D to_clear
00113004 D total_size_b
00113008 D buffer_size
0011300c D cursor_height
00113010 D cursor_width
00113014 D cursor_inner
00113020 D cursor_map
001133b0 D weekdays
001133e0 D months
00113410 D blit_right_away
00113414 D System::VERSION
00113418 D System::SYSTEM
0011341c D Net::rtl8139::tsd
00113420 D Net::rtl8139::tsad
00113440 d Kernel::CPU::tss
001134c0 D Kernel::CPU::exception_messages
00113540 D verify_elf
00113544 D keycode_length
00113548 D shift_code_length
0011354c D ctrl_codes_length
00113560 D keycodes
00113594 D shifted_codes
0011359a D ctrl_codes
0011359c D key_up
0011359d D key_down
001135a0 D letters_lower
001135e0 D letters_upper
00113614 D font_height
00113618 D font_width
00113620 D font
00113c20 D max_syscalls
00113c40 d Graphic::stackblur_mul
00113e40 d Graphic::stackblur_shr
00113f40 D error_strings
00315000 B kernel_stack
00515000 B stack_top
00515000 B text_x
00515004 B text_y
00515008 B cx
0051500c B cy
00515010 B booted
00515020 B back_buffer
00815020 B current_display
008150a0 B current_display_len
008150a4 B in_ring3
008150a8 B username
008150ac B ssfn_src
008150b0 B ssfn_dst
008150e0 B written_on
008158c0 B vga_back
00816090 B custom_color_on
00816094 B custom_color
00816098 B has_scrolled
00816099 B cout
008160a0 B mem_blocks
008166a0 B block_count_mem
008166c0 B used
00816cc0 B total_used
00816cc4 B total_memory
00816cc8 B total_usable
00816ccc B shifted
00816cd0 B returned
00816cd4 B current_key
00816cd5 B terminal_on
00816cd6 B keyboard_locked
00816cd7 B scanf_on
00816ce0 B buffer
008170c8 B entered_len
008170cc B cin
008170cd B mouse_cycle
008170ce B mouse_byte
008170d4 B mouse_x
008170d8 B mouse_y
008170dc B oldx
008170e0 B oldy
008170e4 B right_clicked
008170e5 B left_clicked
008170e6 B middle_clicked
008170e8 B menux
008170ec B menuy
008170f0 B movedx
008170f4 B movedy
008170f8 B cursor_outer
008170fc B century_register
00817100 B pm_on
00817104 B second
00817108 B minute
0081710c B hour
00817110 B day
00817114 B month
00817118 B year
0081711c B weekday
00817120 B s
00817124 B framebuffer_addr
00817128 B pitch
0081712c B width
00817130 B height
00817134 B bpp
00817140 B Net::ARP::arp_table
00817b40 B Kernel::devices
00857b40 B Kernel::device_count
00857b44 B Net::rtl8139::device
00857b48 B Net::rtl8139::buffer
00857b4c B Net::rtl8139::current_pair
00857b50 B Net::rtl8139::mac_addr
00857b60 B nodes
00858b00 B node_count
00858b04 B root
00858b08 B set_port
00858b0c B stdout
00858b10 B stderr
00858b20 B Kernel::CPU::gdt_entries
00858b48 B Kernel::CPU::gdt_ptr
00858b60 B Kernel::CPU::idt
00859360 B Kernel::CPU::idt_reg
00859380 B Kernel::CPU::interrupt_handlers
00859780 B last_command
008597e4 B tick
008597e8 B seconds
008597ec B ctick
008597f0 B hz
008597f4 B task_counter
00859800 B Kernel::CPU::tasks
00859878 B Kernel::CPU::current_task
0085987c B Kernel::CPU::task_count
00859880 B Kernel::CPU::tasking_on
008598a0 B syscalls
00859918 B syscall_count
0085991c B seed
00859920 B disks
00859948 B disk_count
0085994c b strtok(char*, char*)::saved
00859950 B kernel_end
1badb002 a MAGIC
e4524ffb a CHECKSUM
