00000001 a ALIGN
00000002 a MEMINFO
00000003 a FLAGS
00000004 a VIDINFO
00100020 T _start
0010002d T _end
00100040 T jmp_somewhere
00100050 t __get_cpuid_max(unsigned int, unsigned int*)
001000c0 t __get_cpuid(unsigned int, unsigned int*, unsigned int*, unsigned int*, unsigned int*)
00100130 T ssfn_putc
00100730 T donothing()
00100740 T operator new(unsigned long)
00100760 T operator new[](unsigned long)
00100780 T operator delete(void*)
001007a0 T operator delete[](void*)
001007c0 T __cxa_pure_virtual
001007d0 T __cxa_throw_bad_array_new_length
001007e0 T __cxa_guard_acquire
00100800 T __cxa_guard_release
00100810 T __cxa_guard_abort
00100820 t Kernel::IO::outw(unsigned short, unsigned short)
00100850 t Kernel::IO::outb(unsigned short, unsigned char)
00100880 t Kernel::IO::inb(unsigned short)
001008a0 t Kernel::IO::io_wait()
001008c0 t Kernel::IO::inw(unsigned int)
001008e0 t Kernel::IO::outl(unsigned int, unsigned int)
001008f0 t Kernel::IO::inl(unsigned int)
00100910 T Math::sqrt(int)
00100950 T Math::abs(float)
001009a0 T Math::abs(int)
001009c0 T Math::floor(float)
00100a30 T Math::floor(int)
00100a60 T Math::round(double)
00100ad0 T Math::ceil(float)
00100b20 T Math::average(int*, int)
00100b60 T Kernel::shutdown_os()
00100bc0 T Kernel::reboot()
00100c10 t get_model()
00100c40 t __cpuid__(unsigned int, unsigned int*, unsigned int*, unsigned int*, unsigned int*)
00100c70 T get_vendor()
00100cb0 T hypervisor()
00100ce0 T get_cpu_name()
00100d70 T sixtyfour_bit_arch()
00100de0 T get_available_memory()
00100e30 T Kernel::update_hardware_cursor(int, int)
00100ea0 T Kernel::disable_hardware_cursor()
00100ee0 T Kernel::get_hardware_cursor_pos()
00100f50 T Kernel::set_hardware_cursor(int, int)
00100fc0 T atoi(char*)
00101020 T uint_atoi(char*)
00101080 T memcpy(void*, void*, int, int)
001010c0 T memcpy
001010e0 T contains(char*, char)
00101130 T tokenize(char*, char, char**)
00101280 T strgetlast(char*)
001012b0 t itoa(char*, int, int)
001013a0 T itoa(int, char*)
001013c0 T itoa(unsigned int, char*)
001013e0 T len(char*)
00101410 T strcmp(char*, char*)
00101490 T shift_left(char*, char*, int, int)
00101540 T charcmp(char, char)
00101570 T append(char*, char*, char*)
00101610 T append_int(char*, int, char*)
00101640 T vsscanf(char*, char*, char*)
001018c0 T sscanf(char*, char*, ...)
001018f0 T strstr(char*, char*)
00101990 T strtok_r(char*, char*, char**)
00101a80 T strtok(char*, char*)
00101aa0 T tokenize(char*, char*, char**)
00101b30 T startswith(char*, char*)
00101ba0 T endswith(char*, char*)
00101c20 T strcpy(char*, char*)
00101c50 T strcat(char*, char*)
00101c80 T gvfs(char*, char)
00101cd0 T reverse_string(char*, int, char*)
00101d30 T reverse_string(char*, char*)
00101d80 T opposite_split(char*, char, int, char*)
00101e30 T split(char*, char, int, char*)
00101ed0 T get(char*, char*, ...)
00101f10 T strip(char*, char)
00101fd0 T strchr(char*, int)
00102010 T find(char*, char)
00102060 T memset(unsigned char*, unsigned char, unsigned int)
001020a0 T memset(int*, int, int)
001020d0 T memset
00102110 T memcmp(void*, void*, int)
00102170 T strlen(char*)
001021a0 T swap(int, int)
001021c0 T std::string::string(char*)
001021c0 T std::string::string(char*)
00102240 T std::string::append_string(char*)
00102280 T std::string::operator=(char*)
00102300 T std::string::operator=(std::string)
00102390 T std::string::operator==(std::string)
00102410 T std::string::operator==(char*)
00102470 T std::string::operator!=(std::string)
001024f0 T std::string::operator!=(char*)
00102550 T std::string::operator<(std::string)
00102590 T std::string::operator<(char*)
001025c0 T std::string::operator>(std::string)
00102600 T std::string::operator>(char*)
00102630 T std::string::operator+(std::string)
00102670 T std::string::operator+(char*)
00102690 T std::string::operator[](int)
001026b0 T std::string::c_str()
001026c0 T memset(char*, char*, int)
00102700 T strdup(char*)
00102760 T clear()
00102820 T next_char()
00102870 T putchar(char, int)
00102a00 T vsnprintf(char*, int, char*, char*)
00102c40 T vsprintf(char*, char*, char*)
00102c70 T vprintf(char*, char*)
00102ca0 T sprintf(char*, char*, ...)
00102cd0 T snprintf(char*, int, char*, ...)
00102d00 T putchar(char)
00102d50 T putchar_with_cursor_move(char)
00102d90 T scroll()
00102e70 T printf(char*, ...)
00102f50 T cprintf(int, char*, ...)
00102f90 T putchar_at(int, int, char)
00103020 T printf_centered(char*, int)
00103090 T write_vga(fs_node_t*, int, int, char*)
001030b0 T read_vga(fs_node_t*, int, int, char*)
001030c0 T write_error(fs_node_t*, int, int, char*)
001030e0 T read_error(fs_node_t*, int, int, char*)
001030f0 T init_error()
00103130 T init_vga()
00103170 T log::info(char*, ...)
001031c0 T log::error(char*, ...)
00103210 T log::warning(char*, ...)
00103260 T log::warn(char*, ...)
001032b0 T Kernel::init_logging()
001032c0 T Kernel::CPU::_init_tss(unsigned int, unsigned short, unsigned short)
00103360 T Kernel::CPU::init_tss()
00103390 T Kernel::CPU::set_kernel_stack(unsigned int)
001033b0 t Kernel::CPU::init_gdt()
00103470 t Kernel::CPU::gdt_set_gate(int, unsigned int, unsigned int, unsigned char, unsigned char)
00103510 T Kernel::CPU::set_idt_gate(int, unsigned int)
00103560 T Kernel::CPU::set_idt()
00103590 T Kernel::CPU::pic_remap()
00103620 T Kernel::CPU::init_isr()
00103970 T isr_handler
001039e0 T Kernel::CPU::register_interrupt_handler(unsigned char, void (*)(registers_t*))
00103a00 T irq_handler
00103a70 t Kernel::disable_interrupts()
00103a80 t Kernel::play_sound(unsigned int)
00103b00 t Kernel::nosound()
00103b30 T Kernel::sound_input(fs_node_t*, int, int, char*)
00103b40 T Kernel::sound_write(fs_node_t*, int, int, char*)
00103b70 T Kernel::beep()
00103bd0 T print_both(char*, ...)
00103c10 T putchar_both(char, ...)
00103c40 T check_name(char*, char*)
00103d00 T run_command(char*)
00103f20 T execute_script(char*)
00104050 T shell_quit()
00104090 T shell()
00104210 T draw_char(char, int, int, unsigned int)
001042b0 T draw_string(char*, int, int, unsigned int)
00104320 T draw_string(int, int, unsigned int, char*, ...)
00104360 T Graphic::redraw()
00104410 T Graphic::draw_empty_rect(int, int, int, int, int)
00104500 T Graphic::clear_screen()
00104550 T Graphic::center_text_graphics(char*, int, int, int, int)
001045a0 T Graphic::topleft_plotpoints(int, int, int, int, int)
001045f0 T Graphic::topright_plotpoints(int, int, int, int, int)
00104640 T Graphic::bottomright_plotpoints(int, int, int, int, int)
00104690 T Graphic::bottomleft_plotpoints(int, int, int, int, int)
001046e0 T Graphic::full_plotpoints(int, int, int, int, int)
001047e0 T Graphic::topleft_circle(int, int, int, int)
00104850 T Graphic::topright_circle(int, int, int, int)
001048c0 T Graphic::bottomleft_circle(int, int, int, int)
00104930 T Graphic::bottomright_circle(int, int, int, int)
001049a0 T Graphic::fill_topleft_corner(int, int, int, int, int)
00104a10 T Graphic::circle(int, int, int, int)
00104a70 T Graphic::fill_circle(int, int, int, int)
00104b00 T Graphic::rounded_rectangle(int, int, int, int, int, int)
00104c80 T Graphic::fill_rounded_rectangle(int, int, int, int, int, int)
00104d80 T Graphic::tint(int*, int, int, int)
00104e00 T Graphic::get_colors(int)
00104e40 T Graphic::get_color(int, int, int)
00104e70 T Graphic::rgb(int, int, int)
00104e90 T Graphic::mix(int, int)
00104f30 T keyboard_lock()
00104f60 T keyboard_unlock()
00104f90 T is_keyboard_locked()
00104fa0 T get_buffer_size()
00104fb0 T edit_buffer_size(int)
00104fd0 t scan_key(registers_t*)
00105000 T get_key(unsigned char)
00105110 T read_keyboard(fs_node_t*, int, int, char*)
00105140 T read_getch(fs_node_t*, int, int, char*)
00105160 T write_keyboard(fs_node_t*, int, int, char*)
00105170 T Kernel::init_keyboard(bool, char*)
00105260 T mouse_wait(unsigned char)
001052e0 T mouse_write(unsigned char)
00105330 T mouse_read()
00105350 T draw_cursor(int, int, bool, bool, bool, int)
00105470 t mouse_handler(registers_t*)
001057b0 T Kernel::init_mouse()
001058b0 T Time::get_update_in_progress_flag()
001058e0 T Time::get_RTC_register(int)
00105910 T Kernel::read_rtc()
00105cc0 T Time::get_time()
00105d30 T timer_int(registers_t*)
00105e20 T Kernel::init_timer(unsigned int)
00105eb0 T timer_wait(int)
00105ee0 T sleep(int)
00105f00 T sleep_sec(int)
00105f20 T Graphic::bga_write_register(unsigned short, unsigned short)
00105f60 T Graphic::bga_read_register(unsigned short)
00105f90 T Graphic::bga_available()
00105fb0 T Graphic::bga_set_bank(unsigned short)
00105fd0 T Graphic::is_bga_device()
00106010 T Graphic::bga_set_resolution(int, int, int)
00106110 t Kernel::empty_serial_transmit(int)
00106130 T Kernel::output_serial_char(int, char)
00106170 t Kernel::serial_write(int, char*)
001061c0 T Kernel::output_serial_char(char)
001061f0 T Kernel::serial_read(char*)
00106200 T Kernel::serial_write_string(char*, char*)
00106230 T Kernel::serial_write_string(char*, ...)
00106250 T Kernel::init_serial(int)
001062f0 T get_color(char*, char*)
00106310 T p_template(char*, char*, char*, char*)
00106350 T p_warning(char*, ...)
00106390 T p_error(char*, ...)
001063d0 T p_info(char*, ...)
00106410 T get_random_number()
00106480 T set_seed(int)
00106490 T set_string(char*, char*)
00106510 T print(char*)
00106530 T s_putchar(char)
00106560 T get_num()
00106570 T s_get_time(time_t*)
001065c0 T s_putpixel(int, int, int)
001065f0 T s_update_mouse()
00106620 T s_test(int)
00106650 T s_info(info_t*)
00106680 T s_file(char*, char*, unsigned int*)
001066c0 T s_fclose(FILE*)
001066e0 T exec_file(char*)
001066f0 T s_ls(char*)
00106710 T s_create_folder(char*, char*)
00106730 T s_create_file(char*, char*, char*)
00106750 T s_write_file(char*, int*, int*, int)
001067e0 T s_malloc(int*, unsigned int*)
00106810 T s_free(void*)
00106830 T s_append_file(char*, char*)
00106840 T s_read_file(char*, int*, int*, int)
00106900 T s_create_proc(char*, unsigned int)
00106920 T s_yield()
00106940 T s_exit(int)
00106960 T syscall_append(void*)
001069b0 T syscall_print_syscalls()
00106a30 T syscall_handler(registers_t*)
00106ad0 T Kernel::init_syscalls()
00106c50 T Graphic::stackblur(unsigned char*, int, int, int, int, int, int, int)
00107810 T panic(char*, char*, char*, int, ...)
00107890 T traceback(int)
001078f0 T Kernel::halt_system()
00107900 T Tar::parse(unsigned int)
00107af0 T __tar_test(int)
00107bd0 T switch_to_user_mode()
00107c00 T DiskDrivers::ATA::ata_read(unsigned char*, unsigned int, unsigned char)
00107d70 T DiskDrivers::ATA::ata_write_one(unsigned int, unsigned char*)
00107ea0 T DiskDrivers::ATA::ata_irq_handler(registers_t*)
00107eb0 T DiskDrivers::ATA::ata_write(unsigned int, unsigned char, unsigned char*)
00107f00 T DiskDrivers::ATA::fs_ata_write(fs_node_t*, int, int, char*)
00107f50 T DiskDrivers::ATA::fs_ata_read(fs_node_t*, int, int, char*)
00107ff0 T DiskDrivers::ATA::select_drive(unsigned char)
00108020 T DiskDrivers::ATA::model(char*, unsigned short*)
001080c0 T DiskDrivers::ATA::ata_send_identify(unsigned short*)
00108310 T DiskDrivers::ATA::total_sectors()
00108340 T DiskDrivers::ATA::total_bytes()
00108350 T DiskDrivers::ATA::ata_init(unsigned short*)
001083e0 T print_lists()
001084d0 T __mem_test()
001085e0 T set_new_used(mem_t)
00108670 T get_free_block(int)
00108760 T free_block(unsigned int, int)
00108920 T move_block_with_new_size(unsigned int, int)
00108aa0 T malloc(int)
00108ac0 T free(void*)
00108b50 T realloc(void*, int)
00108bc0 T calloc(int, int)
00108c10 T Kernel::CPU::idle_task()
00108c20 T Kernel::CPU::efddsfds()
00108c30 T Kernel::CPU::mdasd()
00108c60 T Kernel::CPU::yd()
00108c80 T Kernel::CPU::nmc()
00108cc0 T Kernel::CPU::abc()
00108ce0 T Kernel::CPU::block_task(Kernel::CPU::task_t*)
00108d00 T Kernel::CPU::block_task_id(int)
00108d60 T Kernel::CPU::unblock_task(Kernel::CPU::task_t*)
00108d80 T Kernel::CPU::unblock_task_id(int)
00108de0 T Kernel::CPU::find_retcode(int)
00108e40 T Kernel::CPU::wait_retcode(int)
00108ea0 T Kernel::CPU::exit(int)
00108f00 T Kernel::CPU::yield()
00108f30 T Kernel::CPU::create_process(char*, unsigned int, bool, int, int, char**)
001091b0 T Kernel::CPU::create_process_file(FILE*, int, char**)
00109210 T Kernel::CPU::create_process_filename(char*, int, char**)
00109260 T Kernel::CPU::create_process(char*, unsigned int)
00109290 T Kernel::CPU::load_new_task(Kernel::CPU::task_t*)
001092d0 T Kernel::CPU::allocate_stack()
001092f0 T Kernel::CPU::wrapper()
00109380 T Kernel::CPU::switch_task(registers_t*, bool)
00109470 T Kernel::CPU::adddd()
00109490 T Kernel::CPU::init_tasking()
001094d0 T create_tree(tree_t*, char*)
00109590 T save_tree(tree_t*)
001095e0 T set_tree_name(tree_t*, char*)
00109610 T add_data(tree_t*, void const*)
00109650 T Kernel::read_pci(unsigned char, unsigned char, unsigned char, unsigned char)
001096e0 T Kernel::write_pci(unsigned short, unsigned short, unsigned short, unsigned int, unsigned int)
00109760 T Kernel::device_functions(unsigned short, unsigned short)
001097a0 T Kernel::get_class_id(unsigned short, unsigned short, unsigned short)
001097f0 T Kernel::get_subclass_id(unsigned short, unsigned short, unsigned short)
00109840 T Kernel::scan_buses()
00109b00 T Kernel::go_through_and_print()
00109c20 T Kernel::find_device(unsigned short, unsigned short)
00109c90 T Kernel::get_addr_reg(unsigned short, unsigned short, unsigned short, unsigned short)
00109f00 T scanf_getch()
00109f50 T getch()
00109fa0 T scanf()
0010a0f0 T secret_scanf()
0010a200 T elf_verify(unsigned char*)
0010a250 T load_elf_memory(unsigned char*)
0010a350 T elf_start(unsigned char*, int, char**)
0010a390 T load_app(unsigned int, int, char**)
0010a3e0 T load_app_from_name(char*, int, char**)
0010a470 T load_app_from_file(FILE*, int, char**)
0010a4d0 T there_is_more(char*, int)
0010a520 T parse_args(char*)
0010a6b0 T toupper(char)
0010a700 T tolower(char)
0010a750 T toupper(char*)
0010a7b0 T tolower(char*)
0010a810 T strcasecmp(char const*, char const*)
0010a8c0 T strisempty(char*)
0010a910 T isspace(char)
0010a930 T isdigit(char)
0010a990 T isalpha(char)
0010a9e0 T null_read(fs_node_t*, int, int, char*)
0010aa10 T null_write(fs_node_t*, int, int, char*)
0010aa40 T write_serial_(fs_node_t*, int, int, char*)
0010aa60 T write_info(fs_node_t*, int, int, char*)
0010aa80 T init_all_devs()
0010ab00 T Net::rtl8139::power_on()
0010ab50 T Net::rtl8139::reset()
0010abd0 T Net::rtl8139::init_recv_buffer()
0010ac40 T Net::rtl8139::init_irq()
0010acd0 T Net::rtl8139::configure_recv()
0010ad20 T Net::rtl8139::enable_recv()
0010ad70 T Net::rtl8139::handle_irq(registers_t*)
0010ae50 T Net::rtl8139::send_packet(void*, int)
0010af20 T Net::rtl8139::start()
0010aff0 T Net::rtl8139::find_mac()
0010b0a0 T Net::Ethernet::send_ethernet_packet(unsigned char*, unsigned short, unsigned char*)
0010b120 T to_big(unsigned int)
0010b180 T to_short(unsigned short)
0010b1c0 T get_src_mac(unsigned char*)
0010b1e0 T Net::ARP::send_request(unsigned char*)
0010b290 T load_disk(Disk*)
0010b2c0 T get_disk(int)
0010b2f0 T get_highest_position(int*, int)
0010b350 T get_highest_value(int*, int)
0010b3b0 T find_node(char*)
0010b410 T find_node(int)
0010b420 T parse_path_file_parent(char*, char*)
0010b5b0 T parse_path_file(char*)
0010b710 T mount_fs(char*, char*, int (*)(fs_node_t*, int, int, char*), int (*)(fs_node_t*, int, int, char*), int (*)(fs_node_t*), int (*)(fs_node_t*, char*), int)
0010b7d0 T create_node(char*, char*, int, int, bool)
0010ba90 T create_node_ignore(char*, char*, int, int)
0010bac0 T create_node(char*, char*, int, int)
0010baf0 T close_node(fs_node_t*)
0010bb10 T write_node(fs_node_t*, int, int, char*)
0010bc20 T read_node(fs_node_t*, int, int, char*)
0010bc90 T list_dir(fs_node_t*, int)
0010bd70 T list_dir(char*)
0010bdc0 T create_root()
0010beb0 T init_fs()
0010bf80 T create_file(char*, char*, int)
0010bfb0 T create_file(char*, char*)
0010bfd0 T create_file(char*, char*, char*, int)
0010c040 T create_file(char*, char*, char*)
0010c060 T kcreate_file(char*, char*, char*)
0010c080 T create_file(char*, char*, int (*)(fs_node_t*, int, int, char*), int (*)(fs_node_t*, int, int, char*), int)
0010c0e0 T create_file(char*, char*, int (*)(fs_node_t*, int, int, char*), int (*)(fs_node_t*, int, int, char*))
0010c110 T kcreate_file(char*, char*, int (*)(fs_node_t*, int, int, char*), int (*)(fs_node_t*, int, int, char*))
0010c140 T fopen(char*, char*, int)
0010c1f0 T fopen(char*, char*)
0010c210 T kopen(char*, char*)
0010c230 T fclose(FILE*)
0010c260 T fwrite(FILE*, int, int, char*)
0010c290 T fgetc(FILE*)
0010c2e0 T fread(FILE*, int, int, char*)
0010c350 T feof(FILE*)
0010c370 T fgets(char*, int, FILE*)
0010c390 T fgetpos(FILE*, int*)
0010c3b0 T fseek(FILE*, int, int)
0010c420 T ftell(FILE*)
0010c440 T fsize(FILE*)
0010c480 T rewind(FILE*)
0010c4a0 T fsetpos(FILE*, int*)
0010c4c0 T fvsscanf(FILE*, char*, char*)
0010c7e0 T fscanf(FILE*, char*, ...)
0010c810 T make_dir(char*, char*, int)
0010c840 T make_dir(char*, char*)
0010c860 T make_dir_user(char*, char*)
0010c880 T kmake_dir(char*, char*)
0010c8a0 T opendir(char*)
0010c900 T readdir(DIR*)
0010c960 T test_write(fs_node_t*, int, int, char*)
0010c990 T test_read(fs_node_t*, int, int, char*)
0010c9d0 T test_mkfile(fs_node_t*)
0010ca00 T test_mkdir(fs_node_t*, char*)
0010ca20 T test_install()
0010caa0 T strerror(int)
0010cac0 T perror(char*)
0010caf0 T Kernel::CPU::create_thread(char*, unsigned int)
0010cb20 T Kernel::CPU::create_thread(char*, unsigned int, int)
0010cb50 T Kernel::CPU::create_thread(char*, unsigned int, int, char**)
0010cb80 T Kernel::CPU::create_thread(char*, unsigned int, int, int, char**)
0010cbb0 T Kernel::CPU::schedule()
0010cc30 T find_node_by_name(char*)
0010cd60 T kernel_main
0010d1d0 t __static_initialization_and_destruction_0(int, int)
0010d260 t _GLOBAL__sub_I_text_x
0010d280 t isr_common_stub
0010d2a5 t irq_common_stub
0010d2ca T isr0
0010d2d1 T isr1
0010d2d8 T isr2
0010d2df T isr3
0010d2e6 T isr4
0010d2ed T isr5
0010d2f4 T isr6
0010d2fb T isr7
0010d305 T isr8
0010d30d T isr9
0010d317 T isr10
0010d31f T isr11
0010d327 T isr12
0010d32f T isr13
0010d337 T isr14
0010d33f T isr15
0010d349 T isr16
0010d353 T isr17
0010d35d T isr18
0010d367 T isr19
0010d371 T isr20
0010d37b T isr21
0010d385 T isr22
0010d38f T isr23
0010d399 T isr24
0010d3a3 T isr25
0010d3ad T isr26
0010d3b7 T isr27
0010d3c1 T isr28
0010d3cb T isr29
0010d3d5 T isr30
0010d3df T isr31
0010d3e9 T irq0
0010d3f3 T irq1
0010d3fd T irq2
0010d407 T irq3
0010d411 T irq4
0010d41b T irq5
0010d425 T irq6
0010d42f T irq7
0010d439 T irq8
0010d443 T irq9
0010d44d T irq10
0010d457 T irq11
0010d461 T irq12
0010d46b T irq13
0010d475 T irq14
0010d47f T irq15
0010d489 T irq16
0010d493 T irq17
0010d4a0 T gdt_flush
0010d4bc t gdt_flush.flush_
0010d4c0 T flush_tss
0010d4d0 T perform_task_switch
0010d4e5 T read_eip
0010d4f0 W mem_t::mem_t()
0010d4f0 W mem_t::mem_t()
0010d500 W std::string::size()
0010d510 W Graphic::SetPixel(int, int, int)
0010d5a0 W Graphic::draw_rect(int, int, int, int, int)
0010d660 W RawTar::file_size()
0010d6b0 W Tar::Tar()
0010d6b0 W Tar::Tar()
0010d6d0 W fs_node_t::fs_node_t()
0010d6d0 W fs_node_t::fs_node_t()
0010d730 W DIR::DIR()
0010d730 W DIR::DIR()
0010d740 W void init_mem<multiboot_info*>(multiboot_info*, unsigned int)
0010e000 r upper_letters
0010e01c r lower_letters
0010e036 r System::dev
0010e038 r task_counter_limit
00114000 D scroll_on
00114001 D to_clear
00114004 D total_size_b
00114008 D buffer_size
0011400c D cursor_height
00114010 D cursor_width
00114014 D cursor_inner
00114020 D cursor_map
001143b0 D weekdays
001143e0 D months
00114410 D blit_right_away
00114414 D System::VERSION
00114418 D System::SYSTEM
0011441c D Net::rtl8139::tsd
00114420 D Net::rtl8139::tsad
00114440 d Kernel::CPU::tss
001144c0 D Kernel::CPU::exception_messages
00114540 D verify_elf
00114544 D keycode_length
00114548 D shift_code_length
0011454c D ctrl_codes_length
00114560 D keycodes
00114594 D shifted_codes
0011459a D ctrl_codes
0011459c D key_up
0011459d D key_down
001145a0 D letters_lower
001145e0 D letters_upper
00114614 D font_height
00114618 D font_width
00114620 D font
00114c20 D max_syscalls
00114c40 d Graphic::stackblur_mul
00114e40 d Graphic::stackblur_shr
00114f40 D error_strings
00316000 B kernel_stack
00516000 B stack_top
00516000 B text_x
00516004 B text_y
00516008 B cx
0051600c B cy
00516010 B booted
00516020 B back_buffer
00816020 B current_display
008160a0 B current_display_len
008160a4 B in_ring3
008160a8 B username
008160ac B ssfn_src
008160b0 B ssfn_dst
008160e0 B written_on
008168c0 B vga_back
00817090 B custom_color_on
00817094 B custom_color
00817098 B has_scrolled
00817099 B cout
008170a0 B mem_blocks
008176a0 B block_count_mem
008176c0 B used
00817cc0 B total_used
00817cc4 B total_memory
00817cc8 B total_usable
00817ccc B shifted
00817cd0 B returned
00817cd4 B current_key
00817cd5 B terminal_on
00817cd6 B keyboard_locked
00817cd7 B scanf_on
00817ce0 B buffer
008180c8 B entered_len
008180cc B cin
008180cd B mouse_cycle
008180ce B mouse_byte
008180d4 B mouse_x
008180d8 B mouse_y
008180dc B oldx
008180e0 B oldy
008180e4 B right_clicked
008180e5 B left_clicked
008180e6 B middle_clicked
008180e8 B menux
008180ec B menuy
008180f0 B movedx
008180f4 B movedy
008180f8 B cursor_outer
008180fc B century_register
00818100 B pm_on
00818104 B second
00818108 B minute
0081810c B hour
00818110 B day
00818114 B month
00818118 B year
0081811c B weekday
00818120 B s
00818124 B framebuffer_addr
00818128 B pitch
0081812c B width
00818130 B height
00818134 B bpp
00818140 B Net::ARP::arp_table
00818b40 B Kernel::devices
00858b40 B Kernel::device_count
00858b44 B Net::rtl8139::device
00858b48 B Net::rtl8139::buffer
00858b4c B Net::rtl8139::current_pair
00858b50 B Net::rtl8139::mac_addr
00858b60 B nodes
00859b00 B node_count
00859b04 B root
00859b08 B set_port
00859b0c B _stdout
00859b10 B _stderr
00859b20 B Kernel::CPU::gdt_entries
00859b48 B Kernel::CPU::gdt_ptr
00859b60 B Kernel::CPU::idt
0085a360 B Kernel::CPU::idt_reg
0085a380 B Kernel::CPU::interrupt_handlers
0085a780 B last_command
0085a800 B Kernel::CPU::tasks
0085a878 B Kernel::CPU::current_task
0085a87c B Kernel::CPU::task_count
0085a880 B Kernel::CPU::tasking_on
0085a884 B tick
0085a888 B seconds
0085a88c B ctick
0085a890 B hz
0085a894 B task_counter
0085a8a0 B syscalls
0085a918 B syscall_count
0085a91c B seed
0085a920 B disks
0085a948 B disk_count
0085a94c B errno
0085a950 b strtok(char*, char*)::saved
0085a954 B kernel_end
1badb002 a MAGIC
e4524ffb a CHECKSUM
